<h1>Hello, World!</h1>

<p>This is the description.</p>

Tags:<ul><li>golang</li><li>programming</li></ul>
